python : Creating test database for alias 'default'...
At line:1 char:1
+ python manage.py test shop.tests > test_output.txt 2>&1
+ ~~~~~~~~~~~~~~~~~~~~~~~~~~~~~~~~~~~~~~~~~~~~~~~~~~~~~~~
    + CategoryInfo          : NotSpecified: (Creating test d...as 'default'...:String) [], RemoteException
    + FullyQualifiedErrorId : NativeCommandError
 

F[21/May/2026 14:59:29,051] - Broken pipe from ('127.0.0.1', 63991)
[21/May/2026 14:59:29,055] - Broken pipe from ('127.0.0.1', 58876)
[21/May/2026 14:59:29,056] - Broken pipe from ('127.0.0.1', 63664)
[21/May/2026 14:59:29,057] - Broken pipe from ('127.0.0.1', 62849)
[21/May/2026 14:59:29,058] - Broken pipe from ('127.0.0.1', 51924)

======================================================================
FAIL: test_login_page_renders (shop.tests.HomePageSeleniumTest.test_login_page_renders)
----------------------------------------------------------------------
Traceback (most recent call last):
  File "C:\Users\Malladi Ravidra\OneDrive\Desktop\Django\ecommernce\shop\tests.py", line 35, in test_login_page_renders
    self.assertIn("Sign In", self.selenium.page_source)
    ~~~~~~~~~~~~~^^^^^^^^^^^^^^^^^^^^^^^^^^^^^^^^^^^^^^
AssertionError: 'Sign In' not found in '<html lang="en" data-theme="light"><head>\n    <meta charset="UTF-8">\n    
<meta name="viewport" content="width=device-width, initial-scale=1.0">\n    <!-- PWA Settings -->\n    <link 
rel="manifest" href="/static/manifest.json">\n    <meta name="theme-color" content="#2a2a2a">\n    <link 
rel="apple-touch-icon" href="/static/icons/icon-192x192.png">\n\n    <title>Shopping_App Secure Sign-In</title>\n    
<meta name="description" content="Experience premium shopping at Shopping_App, the ultimate luxury e-commerce 
destination.">\n    <link href="https://cdn.jsdelivr.net/npm/bootstrap@5.3.0/dist/css/bootstrap.min.css" 
rel="stylesheet">\n    <link rel="stylesheet" 
href="https://cdnjs.cloudflare.com/ajax/libs/font-awesome/6.4.0/css/all.min.css">\n    <link rel="stylesheet" 
href="https://cdn.jsdelivr.net/npm/bootstrap-icons@1.10.5/font/bootstrap-icons.css">\n    <link rel="stylesheet" 
href="/static/css/style.css">\n    \n    \n</head>\n<body>\n    <nav class="navbar navbar-expand-lg glass-navbar 
py-3">\n        <div class="container">\n            <a class="navbar-brand d-flex align-items-center" href="/">\n     
           <span class="fs-3 fw-bold text-gradient display-font">Shopping_App</span>\n            </a>\n            \n 
           <button class="navbar-toggler border-0 shadow-none" type="button" data-bs-toggle="collapse" 
data-bs-target="#navbarNav" aria-controls="navbarNav" aria-expanded="false" aria-label="Toggle navigation">\n          
      <span class="navbar-toggler-icon"></span>\n            </button>\n            \n            <div class="collapse 
navbar-collapse" id="navbarNav">\n                <form class="d-flex mx-lg-auto my-3 my-lg-0 w-lg-50" 
action="/products/" method="GET">\n                    <div class="input-group" style="max-width: 400px;">\n           
             <input type="search" name="q" class="form-control form-control-premium rounded-start-4 border-end-0" 
placeholder="Search for item." aria-label="Search" value="">\n                        <button class="btn 
form-control-premium border-start-0 rounded-end-4 text-muted bg-transparent" type="submit">\n                          
  <i class="fa-solid fa-magnifying-glass"></i>\n                        </button>\n                    </div>\n        
        </form>\n\n                <ul class="navbar-nav align-items-center ms-auto gap-2">\n                    <li 
class="nav-item">\n                        <a class="nav-link text-reset px-2 fw-semibold" href="/">Home</a>\n         
           </li>\n                    \n                    <li class="nav-item">\n                        <a 
class="nav-link text-reset px-2 fw-semibold" href="/products/">Products</a>\n                    </li>\n\n             
       \n                    \n                    <li class="nav-item">\n                        <a class="nav-link 
text-reset position-relative px-2" href="/wishlist/" title="Wishlist">\n                            <i 
class="fa-regular fa-heart fs-5"></i>\n                            \n                        </a>\n                    
</li>\n                    \n                    <li class="nav-item me-2">\n                        <a 
class="nav-link text-reset position-relative px-2 fw-semibold d-flex align-items-center gap-1" href="/cart/">\n        
                    <i class="fa-solid fa-cart-shopping fs-5"></i>\n                            <span>Cart</span>\n    
                        <span class="position-absolute top-0 start-100 translate-middle badge rounded-pill badge-glow 
d-none" id="cart-count-badge"></span>\n                            \n                        </a>\n                    
</li>\n\n                    <li class="nav-item">\n                        <button id="theme-toggle-btn" class="btn 
btn-link text-reset p-2 shadow-none" style="text-decoration: none;">\n                            <i class="fa-regular 
fa-moon fs-5" id="theme-toggle-icon"></i>\n                        </button>\n                    </li>\n              
      \n                    <!-- Profile / User Controls -->\n                    \n                    <li 
class="nav-item">\n                        <a href="/login/" class="btn btn-outline-premium px-4 py-2 fs-6 
fw-semibold">Login</a>\n                    </li>\n                    \n                </ul>\n            </div>\n   
     </div>\n    </nav>\n\n    <div class="container mt-3">\n        \n    </div>\n\n    <!-- Main Content Area -->\n  
  <main style="min-height: 75vh;">\n        \n<div class="container py-5">\n    <div class="row justify-content-center 
mt-4">\n        <div class="col-md-6 col-lg-4">\n            \n            <div class="text-center mb-4">\n            
    <a href="/" class="text-decoration-none">\n                    <span class="fs-2 fw-bold text-gradient 
display-font">Shopping_App</span>\n                </a>\n            </div>\n\n            <!-- Minimalist Login Card 
-->\n            <div class="card border-1 rounded-4 p-4 shadow-sm bg-white" style="border: 1px solid #e0e0e0;">\n     
           <h3 class="fw-bold mb-3" style="font-size: 28px; letter-spacing: -0.5px;">Sign in</h3>\n                 \n 
               <!-- AJAX Inline Message Tray -->\n                <div id="ajax-alert-container" style="display: 
none;"></div>\n\n                <form id="ajax-login-form" method="POST" class="needs-validation" novalidate="">\n    
                <input type="hidden" name="csrfmiddlewaretoken" 
value="nNus4ahcTVGfLL4xqKRj2uK7FYQ2U11wfZP0UEj3P5UElYZYkoXG4LiObacrRd9m">\n\n                    <!-- Email Input 
-->\n                    <div class="mb-3">\n                        <label for="email-input" class="form-label small 
fw-bold mb-1 text-dark">Email Address</label>\n                        <input type="email" id="email-input" 
class="form-control py-2 px-3" style="border: 1px solid #a6a6a6; border-radius: 6px; font-size: 14px;" 
placeholder="name@example.com" required="" autofocus="">\n                    </div>\n\n\n                    <!-- 
Password Input w/ Visibility Eye Toggle -->\n                    <div class="mb-3">\n                        <div 
class="d-flex justify-content-between align-items-center mb-1">\n                            <label 
for="password-input" class="form-label small fw-bold mb-0 text-dark">Password</label>\n                            <a 
href="/password-reset/" class="small text-decoration-none fw-semibold text-accent" style="color: var(--accent-color); 
font-size: 12px;">Forgot Password?</a>\n                        </div>\n                        \n                     
   <div class="input-group overflow-hidden" style="border: 1px solid #a6a6a6; border-radius: 6px;">\n                  
          <input type="password" id="password-input" class="form-control py-2 px-3 border-0" style="font-size: 14px;" 
required="">\n                            <button type="button" class="btn btn-light border-0 px-3" 
id="toggle-password-btn" style="background: transparent;">\n                                <i class="fa-regular 
fa-eye text-muted" id="eye-icon"></i>\n                            </button>\n                        </div>\n         
           </div>\n\n\n\n                    <!-- Submit Trigger -->\n                    <button type="submit" 
class="btn btn-glow w-100 py-2 fw-semibold text-white mt-2" id="submit-btn" style="font-size: 14px;">\n                
        Login\n                    </button>\n                </form>\n\n                <p class="text-muted mt-3 
mb-0" style="font-size: 12px; line-height: 1.5;">\n                    By continuing, you agree to Shopping_App\'s <a 
href="#" class="text-decoration-none text-accent">Conditions of Use</a> and <a href="#" class="text-decoration-none 
text-accent">Privacy Notice</a>.\n                </p>\n            </div>\n\n            <div class="my-4 
position-relative text-center">\n                <hr class="border-secondary border-1 opacity-10 w-75 mx-auto">\n      
          <span class="position-absolute top-50 start-50 translate-middle bg-light px-3 text-muted small fw-semibold" 
style="font-size: 11px; background-color: #f8f9fa !important;">New to Shopping_App?</span>\n            </div>\n\n     
       <!-- Secondary Create Button mimicking Amazon\'s secondary action button -->\n            <a href="/register/" 
class="btn btn-outline-dark w-100 py-2 fw-semibold" style="font-size: 14px; border: 1px solid #d0d0d0; background: 
linear-gradient(180deg,#fff,#f7f8fa); color: #111;">\n                Create your Shopping_App account\n            
</a>\n\n        </div>\n    </div>\n</div>\n\n    </main>\n\n    <footer class="mt-5">\n        <div 
class="container">\n            <div class="row gy-4 mb-5">\n                <div class="col-lg-4">\n                  
  <h4 class="display-font text-gradient mb-3">Shopping_App</h4>\n                    <p class="text-muted">Discover 
carefully curated collections designed for the modern lifestyle. Experience the intersection of style and 
performance.</p>\n                    <div class="d-flex gap-3 fs-5 mt-3">\n                        <a href="#" 
class="text-muted"><i class="fa-brands fa-instagram"></i></a>\n                        <a href="#" 
class="text-muted"><i class="fa-brands fa-twitter"></i></a>\n                        <a href="#" class="text-muted"><i 
class="fa-brands fa-pinterest"></i></a>\n                    </div>\n                </div>\n                <div 
class="col-6 col-lg-2 ms-lg-auto">\n                    <h6 class="fw-bold mb-3 text-uppercase tracking-wider 
fs-7">Navigation</h6>\n                    <ul class="list-unstyled d-flex flex-column gap-2">\n                       
 <li><a href="/" class="text-muted text-decoration-none">Home</a></li>\n                        <li><a 
href="/products/" class="text-muted text-decoration-none">Shop Catalog</a></li>\n                        <li><a 
href="/wishlist/" class="text-muted text-decoration-none">Wishlist</a></li>\n                    </ul>\n               
 </div>\n                <div class="col-6 col-lg-2">\n                    <h6 class="fw-bold mb-3 text-uppercase 
tracking-wider fs-7">Legal</h6>\n                    <ul class="list-unstyled d-flex flex-column gap-2">\n             
           <li><a href="#" class="text-muted text-decoration-none">Terms of Use</a></li>\n                        
<li><a href="#" class="text-muted text-decoration-none">Privacy Policy</a></li>\n                        <li><a 
href="#" class="text-muted text-decoration-none">Returns &amp; Refunds</a></li>\n                    </ul>\n           
     </div>\n                <div class="col-lg-3">\n                    <h6 class="fw-bold mb-3 text-uppercase 
tracking-wider fs-7">Newsletter</h6>\n                    <p class="text-muted fs-7">Subscribe to receive early access 
alerts and exclusive drops.</p>\n                    <div class="input-group">\n                        <input 
type="email" class="form-control form-control-premium rounded-start-4 border-end-0" placeholder="Your email 
address">\n                        <button class="btn btn-glow rounded-end-4" type="button"><i class="fa-solid 
fa-paper-plane"></i></button>\n                    </div>\n                </div>\n            </div>\n            <hr 
class="border-secondary opacity-10">\n            <div class="d-flex flex-column flex-md-row justify-content-between 
align-items-center py-4">\n                <p class="text-muted fs-7 mb-0">⌐ 2026 <span class="text-gradient 
fw-semibold">Shopping_App</span> Inc. Crafted for greatness.</p>\n                <div class="d-flex gap-3 
align-items-center text-muted fs-2 mt-3 mt-md-0">\n                    <i class="fa-brands fa-cc-visa"></i>\n          
          <i class="fa-brands fa-cc-mastercard"></i>\n                    <i class="fa-brands fa-cc-stripe"></i>\n     
           </div>\n            </div>\n        </div>\n    </footer>\n\n    <!-- Bootstrap 5 Bundle JS -->\n    
<script src="https://cdn.jsdelivr.net/npm/bootstrap@5.3.0/dist/js/bootstrap.bundle.min.js"></script>\n    \n    <!-- 
Theme Toggle Initialization -->\n    <script>\n        const THEME_STORAGE_KEY = \'shopping_app_theme\';\n        
const LIGHT_THEME = \'light\';\n        const DARK_THEME = \'dark\';\n        \n        function setTheme(themeName) 
{\n            document.documentElement.setAttribute(\'data-theme\', themeName);\n            
localStorage.setItem(THEME_STORAGE_KEY, themeName);\n            \n            const icon = 
document.getElementById(\'theme-toggle-icon\');\n            if(icon) {\n                if(themeName === DARK_THEME) 
{\n                    icon.classList.remove(\'fa-moon\');\n                    icon.classList.add(\'fa-sun\');\n      
          } else {\n                    icon.classList.remove(\'fa-sun\');\n                    
icon.classList.add(\'fa-moon\');\n                }\n            }\n        }\n\n        // Initialize Theme\n        
const storedTheme = localStorage.getItem(THEME_STORAGE_KEY);\n        const systemPrefersDark = 
window.matchMedia(\'(prefers-color-scheme: dark)\').matches;\n        \n        if (storedTheme) {\n            
setTheme(storedTheme);\n        } else if (systemPrefersDark) {\n            setTheme(DARK_THEME);\n        } else {\n 
           setTheme(LIGHT_THEME);\n        }\n        \n        
document.getElementById(\'theme-toggle-btn\')?.addEventListener(\'click\', () => {\n            const currentTheme = 
document.documentElement.getAttribute(\'data-theme\');\n            setTheme(currentTheme === LIGHT_THEME ? DARK_THEME 
: LIGHT_THEME);\n        });\n\n        // Register Service Worker for PWA\n        if (\'serviceWorker\' in 
navigator) {\n            window.addEventListener(\'load\', () => {\n                
navigator.serviceWorker.register(\'/sw.js\')\n                    .then(registration => {\n                        
console.log(\'ServiceWorker registration successful with scope: \', registration.scope);\n                    })\n     
               .catch(error => {\n                        console.log(\'ServiceWorker registration failed: \', 
error);\n                    });\n            });\n        }\n    </script>\n    \n<script>\n    // Show/Hide Password 
Toggle logic\n    const toggleBtn = document.getElementById(\'toggle-password-btn\');\n    const passInput = 
document.getElementById(\'password-input\');\n    const eyeIcon = document.getElementById(\'eye-icon\');\n\n    
toggleBtn.addEventListener(\'click\', () => {\n        if (passInput.type === \'password\') {\n            
passInput.type = \'text\';\n            eyeIcon.classList.replace(\'fa-eye\', \'fa-eye-slash\');\n        } else {\n   
         passInput.type = \'password\';\n            eyeIcon.classList.replace(\'fa-eye-slash\', \'fa-eye\');\n        
}\n    });\n\n    // AJAX Login submission logic\n    const loginForm = 
document.getElementById(\'ajax-login-form\');\n    const alertContainer = 
document.getElementById(\'ajax-alert-container\');\n    const submitBtn = document.getElementById(\'submit-btn\');\n\n 
   loginForm.addEventListener(\'submit\', async (e) => {\n        e.preventDefault();\n        \n        const email = 
document.getElementById(\'email-input\').value;\n        const pass = passInput.value;\n\n        if (!email || !pass) 
{\n            showAlert("Please enter both email address and password.", "danger");\n            return;\n        
}\n\n        // Loading state\n        submitBtn.disabled = true;\n        submitBtn.innerHTML = \'<span 
class="spinner-border spinner-border-sm me-2"></span> Processing...\';\n        alertContainer.style.display = 
\'none\';\n\n        try {\n            const response = await fetch("/ajax-login/", {\n                method: 
\'POST\',\n                headers: {\n                    \'Content-Type\': \'application/json\',\n                   
 \'X-CSRFToken\': getCookie(\'csrftoken\')\n                },\n                body: JSON.stringify({\n               
     email: email,\n                    password: pass\n                })\n            });\n\n\n            const 
result = await response.json();\n\n            if (response.ok && result.success) {\n                
showAlert(result.message, "success");\n                // Wait 1 sec for visual effect then redirect to next parameter 
or Home page\n                setTimeout(() => {\n                    const urlParams = new 
URLSearchParams(window.location.search);\n                    const nextParam = urlParams.get(\'next\') || "/";\n      
              window.location.href = nextParam;\n                }, 800);\n            } else {\n                
showAlert(result.error || "Authentication aborted.", "danger");\n                submitBtn.disabled = false;\n         
       submitBtn.innerHTML = \'Continue\';\n            }\n        } catch (error) {\n            showAlert("Network 
pipeline error. Contact Administrator.", "danger");\n            submitBtn.disabled = false;\n            
submitBtn.innerHTML = \'Continue\';\n        }\n    });\n\n    function showAlert(msg, tag) {\n        
alertContainer.innerHTML = `\n            <div class="alert alert-${tag} d-flex align-items-center py-2 px-3 rounded-3 
border-0 mb-3 fs-7" role="alert" style="font-size: 12.5px;">\n                <i class="fa-solid fa-circle-exclamation 
me-2"></i>\n                <div>${msg}</div>\n            </div>\n        `;\n        alertContainer.style.display = 
\'block\';\n    }\n</script>\n\n\n    <!-- Dynamic API Helper -->\n    <script>\n        function getCookie(name) {\n  
          let cookieValue = null;\n            if (document.cookie && document.cookie !== \'\') {\n                
const cookies = document.cookie.split(\';\');\n                for (let i = 0; i < cookies.length; i++) {\n            
        const cookie = cookies[i].trim();\n                    if (cookie.substring(0, name.length + 1) === (name + 
\'=\')) {\n                        cookieValue = decodeURIComponent(cookie.substring(name.length + 1));\n              
          break;\n                    }\n                }\n            }\n            return cookieValue;\n        
}\n    </script>\n\n\n</body></html>'

----------------------------------------------------------------------
Ran 1 test in 5.161s

FAILED (failures=1)
Destroying test database for alias 'default'...

Found 1 test(s).
System check identified no issues (0 silenced).
